HI-TECH Software 8051-C Compiler V9.60

Linker command line:

--edf=C:\PROGRA~2\HI-TEC~1\HC51\lite\9.60\dat\en_msgs.txt \
  -h+Z:\project1.sym -z -Q8051AH -ol.obj -MZ:\project1.map -E1 \
  -ver=8051-C#V9.60 -ACODE=00h-0FFFh -pvectors=00h \
  -prbit=0/20h,rbss,rdata/CODE,irdata/CODE,idata/rbss -pbss=XDATA/idata \
  -pdata=CODE+100h -pconst=CODE+100h -pstrings=CODE+100h -pnvram=bss,heap \
  C:\Users\class\AppData\Local\Temp\s3r4.obj Z:\main_0.obj \
  C:\PROGRA~2\HI-TEC~1\HC51\lite\9.60\lib\51--nsc.lib 

Object code version is 3.8

Machine type is 8051AH

Call graph:

*start1 size 0,0 offset 0
*    _main size 0,4 offset 0
         _s2out size 0,4 offset 4
*        _s1out size 0,26 offset 4

		Name          Link     Load   Length Selector Space Scale
C:\Users\class\AppData\Local\Temp\s3r4.obj
		vectors          0        0        3       0     0
		text            B7       B7       14       0     0
Z:\main_0.obj   data           100      100       10     100     0
		strings        110      110        4     100     0
		text           114      114      20E     100     0

C:\PROGRA~2\HI-TEC~1\HC51\lite\9.60\lib\51--nsc.lib
ldc_byte.obj    text             3        3       73       0     0
powerup.obj     text            CB       CB        3       0     0
str_cops.obj    text            76       76       41       0     0

COMMON          rbss            20       20       1E      20     1

TOTAL		Name          Link     Load   Length
	CLASS	CODE     
		vectors          0        0        3
		data           100      100       10
		text            B7       B7       14
		strings        110      110        4
		text           114      114      20E
		text             3        3       73
		text            CB       CB        3
		text            76       76       41

	CLASS	DATA     
		rbss            20       20       1E

	CLASS	XDATA    

	CLASS	BITSEG   



SEGMENTS	Name		Load	Length	 Top	Selector    Space Class

		vectors         000000	0000CE	0000CE	       0       0  CODE    
		rbit            000020	00001E	00003E	      20       1  BITSEG  
		data            000100	000222	000322	     100       0  CODE    


UNUSED ADDRESS RANGES

	CODE             0CE-0FF
	                 322-FFF

                                  Symbol Table

?a_main        rbss    020  ?a_s1out       rbss    024
?a_s2out       rbss    024  __Bbss         bss     03E
__Bidata       idata   03E  __Birdata      irdata  003
__Brbit        rbit    020  __Brdata       rdata   003
__Hbss         bss     03E  __Hcode        code    03E
__Hconst       const   100  __Hdata        data    110
__Hheap        heap    03E  __Hidata       idata   03E
__Hirdata      irdata  03E  __Hnvram       nvram   03E
__Hrbit        rbit    000  __Hrbss        rbss    03E
__Hrdata       rdata   03E  __Hstrings     strings 114
__Htext        text    03E  __Hvectors     vectors 003
__Lbss         bss     03E  __Lcode        code    03E
__Lconst       const   100  __Ldata        data    100
__Lheap        heap    03E  __Lidata       idata   03E
__Lirdata      irdata  03E  __Lnvram       nvram   03E
__Lrbit        rbit    000  __Lrbss        rbss    020
__Lrdata       rdata   03E  __Lstrings     strings 110
__Ltext        text    03E  __Lvectors     vectors 000
__S0           (abs)   322  _exit          text    0C8
_main          text    2D3  _s1out         text    114
_s2out         text    27D  intlevel0      (abs)   000
intlevel1      (abs)   000  ldb_r0         text    012
ldb_r1         text    01F  ldb_r2         text    02C
ldb_r3         text    039  ldb_r4         text    046
ldb_r5         text    053  ldb_r6         text    060
ldb_r7         text    06D  ldc_byte       text    003
ldc_r0         text    00E  ldc_r1         text    01B
ldc_r2         text    028  ldc_r3         text    035
ldc_r4         text    042  ldc_r5         text    04F
ldc_r6         text    05C  ldc_r7         text    069
powerup        text    0CB  small_model    (abs)   001
stack_internal (abs)   001  start          vectors 000
start1         text    0B7  str_copy       text    08C
str_load       text    08C  str_xcopy      text    076
strx_copy      text    08C  strx_load      text    08C
strx_xcopy     text    076  
